0 verbose cli C:\Program Files\nodejs\node.exe C:\Program Files\nodejs\node_modules\npm\bin\npm-cli.js
1 info using npm@11.11.0
2 info using node@v24.14.1
3 silly config load:file:C:\Program Files\nodejs\node_modules\npm\npmrc
4 silly config load:file:D:\SITES\CONTROLE\.npmrc
5 silly config load:file:C:\Users\andre\.npmrc
6 silly config load:file:C:\Users\andre\AppData\Roaming\npm\etc\npmrc
7 verbose title npm exec create-next-app@latest . --ts --tailwind --eslint --app --src-dir --use-npm --import-alias @/*
8 verbose argv "exec" "--" "create-next-app@latest" "." "--ts" "--tailwind" "--eslint" "--app" "--src-dir" "--use-npm" "--import-alias" "@/*"
9 verbose logfile logs-max:10 dir:D:\SITES\CONTROLE\.npm-cache\_logs\2026-04-10T12_44_34_856Z-
10 verbose logfile D:\SITES\CONTROLE\.npm-cache\_logs\2026-04-10T12_44_34_856Z-debug-0.log
11 silly logfile done cleaning log files
12 silly packumentCache heap:2348810240 maxSize:587202560 maxEntrySize:293601280
13 http fetch GET 200 https://registry.npmjs.org/npm 219ms
14 http fetch GET 200 https://registry.npmjs.org/create-next-app 321ms (cache miss)
15 silly packumentCache heap:2348810240 maxSize:587202560 maxEntrySize:293601280
16 silly packumentCache heap:2348810240 maxSize:587202560 maxEntrySize:293601280
17 warn exec The following package was not found and will be installed: create-next-app@16.2.3
18 silly idealTree buildDeps
19 silly fetch manifest create-next-app@16.2.3
20 silly packumentCache full:https://registry.npmjs.org/create-next-app cache-miss
21 http fetch GET 200 https://registry.npmjs.org/create-next-app 203ms (cache miss)
22 silly packumentCache full:https://registry.npmjs.org/create-next-app set size:undefined disposed:false
23 silly placeDep ROOT create-next-app@16.2.3 OK for:  want: 16.2.3
24 silly reify moves {}
25 silly audit bulk request { 'create-next-app': [ '16.2.3' ] }
26 http cache create-next-app@https://registry.npmjs.org/create-next-app/-/create-next-app-16.2.3.tgz 0ms (cache hit)
27 silly tarball no local data for create-next-app@https://registry.npmjs.org/create-next-app/-/create-next-app-16.2.3.tgz. Extracting by manifest.
28 http fetch POST 200 https://registry.npmjs.org/-/npm/v1/security/advisories/bulk 226ms
29 silly audit report {}
30 http fetch GET 200 https://registry.npmjs.org/create-next-app/-/create-next-app-16.2.3.tgz 902ms (cache miss)
31 verbose cwd D:\SITES\CONTROLE
32 verbose os Windows_NT 10.0.26200
33 verbose node v24.14.1
34 verbose npm  v11.11.0
35 notice
35 notice New minor version of npm available! 11.11.0 -> 11.12.1
35 notice Changelog: https://github.com/npm/cli/releases/tag/v11.12.1
35 notice To update run: npm install -g npm@11.12.1
35 notice  { force: true, Symbol(proc-log.meta): true }
36 verbose exit 1
37 verbose code 1
